// Jest Snapshot v1, https://goo.gl/fbAQLP

exports[`Canvas renders correctly 1`] = `
ShallowWrapper {
  Symbol(enzyme.__root__): [Circular],
  Symbol(enzyme.__unrendered__): <Canvas
    imageSource={Object {}}
    makePalette={[MockFunction]}
  />,
  Symbol(enzyme.__renderer__): Object {
    "batchedUpdates": [Function],
    "getNode": [Function],
    "render": [Function],
    "simulateEvent": [Function],
    "unmount": [Function],
  },
  Symbol(enzyme.__node__): Object {
    "instance": null,
    "key": undefined,
    "nodeType": "host",
    "props": Object {
      "children": Array [
        <canvas
          onClick={[Function]}
          onMouseLeave={[Function]}
          onMouseMove={[Function]}
        />,
        false,
      ],
      "className": "canvas-wrapper",
    },
    "ref": null,
    "rendered": Array [
      Object {
        "instance": null,
        "key": undefined,
        "nodeType": "host",
        "props": Object {
          "onClick": [Function],
          "onMouseLeave": [Function],
          "onMouseMove": [Function],
        },
        "ref": [Function],
        "rendered": null,
        "type": "canvas",
      },
      false,
    ],
    "type": "div",
  },
  Symbol(enzyme.__nodes__): Array [
    Object {
      "instance": null,
      "key": undefined,
      "nodeType": "host",
      "props": Object {
        "children": Array [
          <canvas
            onClick={[Function]}
            onMouseLeave={[Function]}
            onMouseMove={[Function]}
          />,
          false,
        ],
        "className": "canvas-wrapper",
      },
      "ref": null,
      "rendered": Array [
        Object {
          "instance": null,
          "key": undefined,
          "nodeType": "host",
          "props": Object {
            "onClick": [Function],
            "onMouseLeave": [Function],
            "onMouseMove": [Function],
          },
          "ref": [Function],
          "rendered": null,
          "type": "canvas",
        },
        false,
      ],
      "type": "div",
    },
  ],
  Symbol(enzyme.__options__): Object {
    "adapter": ReactSixteenAdapter {
      "options": Object {
        "enableComponentDidUpdateOnSetState": true,
        "lifecycles": Object {
          "componentDidUpdate": Object {
            "onSetState": true,
          },
          "getSnapshotBeforeUpdate": true,
        },
      },
    },
    "attachTo": undefined,
    "hydrateIn": undefined,
  },
}
`;
